d:\github\gmext-fmod\source\fmod_gml\extensions\gmfmod\out\build\win-x64-release\cmakefiles\generate.stamp
d:\github\gmext-fmod\source\fmod_gml\extensions\gmfmod\out\build\win-x64-release\gmfmod.dir\release\gmfmod_sound_group.obj
d:\github\gmext-fmod\source\fmod_gml\extensions\gmfmod\out\build\win-x64-release\gmfmod.dir\release\gmfmod_sound.obj
d:\github\gmext-fmod\source\fmod_gml\extensions\gmfmod\out\build\win-x64-release\gmfmod.dir\release\gmfmod_reverb_3d.obj
d:\github\gmext-fmod\source\fmod_gml\extensions\gmfmod\out\build\win-x64-release\gmfmod.dir\release\gmfmod_geometry.obj
d:\github\gmext-fmod\source\fmod_gml\extensions\gmfmod\out\build\win-x64-release\gmfmod.dir\release\gmfmod_dsp.obj
d:\github\gmext-fmod\source\fmod_gml\extensions\gmfmod\out\build\win-x64-release\gmfmod.dir\release\gmfmod_common.obj
d:\github\gmext-fmod\source\fmod_gml\extensions\gmfmod\out\build\win-x64-release\gmfmod.dir\release\gmfmod_channel_group.obj
d:\github\gmext-fmod\source\fmod_gml\extensions\gmfmod\out\build\win-x64-release\gmfmod.dir\release\gmfmod_channel_control.obj
d:\github\gmext-fmod\source\fmod_gml\extensions\gmfmod\out\build\win-x64-release\gmfmod.dir\release\gmfmod_channel.obj
d:\github\gmext-fmod\source\fmod_gml\extensions\gmfmod\out\build\win-x64-release\gmfmod.dir\release\gmfmodinternal_native.obj
d:\github\gmext-fmod\source\fmod_gml\extensions\gmfmod\out\build\win-x64-release\gmfmod.dir\release\gmextwire.obj
d:\github\gmext-fmod\source\fmod_gml\extensions\gmfmod\out\build\win-x64-release\gmfmod.dir\release\gmextutils.obj
d:\github\gmext-fmod\source\fmod_gml\extensions\gmfmod\out\build\win-x64-release\gmfmod.dir\release\gmfmod_system.obj
d:\github\gmext-fmod\source\fmod_gml\extensions\gmfmod\out\build\win-x64-release\gmfmod.dir\release\gmfmod_studio_system.obj
d:\github\gmext-fmod\source\fmod_gml\extensions\gmfmod\out\build\win-x64-release\gmfmod.dir\release\gmfmod.tlog\custombuild.command.1.tlog
d:\github\gmext-fmod\source\fmod_gml\extensions\gmfmod\out\build\win-x64-release\gmfmod.dir\release\gmfmod.tlog\custombuild.read.1.tlog
d:\github\gmext-fmod\source\fmod_gml\extensions\gmfmod\out\build\win-x64-release\gmfmod.dir\release\gmfmod.tlog\custombuild.write.1.tlog
d:\github\gmext-fmod\source\fmod_gml\extensions\gmfmod\out\build\win-x64-release\gmfmod.dir\release\gmfmod.tlog\cl.read.1.tlog
d:\github\gmext-fmod\source\fmod_gml\extensions\gmfmod\out\build\win-x64-release\gmfmod.dir\release\gmfmod.tlog\cl.write.1.tlog
d:\github\gmext-fmod\source\fmod_gml\extensions\gmfmod\out\build\win-x64-release\gmfmod.dir\release\gmfmod.tlog\cl.command.1.tlog
