  ExtBufferIO.cpp
  Fmod_Channel.cpp
  Fmod_ChannelControl.cpp
  Fmod_ChannelGroup.cpp
  Fmod_Common.cpp
  Fmod_DSP.cpp
  Fmod_DSPConnection.cpp
  Fmod_Geometry.cpp
  Fmod_Reverb3D.cpp
  Fmod_Sound.cpp
  Fmod_SoundGroup.cpp
  Fmod_Studio_Bank.cpp
  Fmod_Studio_Bus.cpp
  Fmod_Studio_CommandReplay.cpp
  Fmod_Studio_EventDescription.cpp
  Fmod_Studio_EventInstance.cpp
  Fmod_Studio_System.cpp
  Fmod_Studio_VCA.cpp
  Fmod_System.cpp
  Fmod_Tools.cpp
  Generating Code...
     Creating library D:\Github\GMEXT-FMOD\source\fmod_gml\extensions\FMOD\fmod_windows\x64\Debug\YYFMOD_x64.lib and object D:\Github\GMEXT-FMOD\source\fmod_gml\extensions\FMOD\fmod_windows\x64\Debug\YYFMOD_x64.exp
  FMOD.vcxproj -> D:\Github\GMEXT-FMOD\source\fmod_gml\extensions\FMOD\fmod_windows\x64\Debug\YYFMOD_x64.dll
  D:\Github\GMEXT-FMOD\source\fmod_gml\extensions\FMOD\fmod_windows\x64\Debug\YYFMOD_x64.dll
  1 File(s) copied
