d:\github\gmext-fmod\source\fmod_gml\extensions\fmod\fmod_windows\fmod\x64\debug\vc143.pdb
d:\github\gmext-fmod\source\fmod_gml\extensions\fmod\fmod_windows\fmod\x64\debug\vc143.idb
d:\github\gmext-fmod\source\fmod_gml\extensions\fmod\fmod_windows\fmod\x64\debug\fmod_tools.obj
d:\github\gmext-fmod\source\fmod_gml\extensions\fmod\fmod_windows\fmod\x64\debug\fmod_system.obj
d:\github\gmext-fmod\source\fmod_gml\extensions\fmod\fmod_windows\fmod\x64\debug\fmod_studio_vca.obj
d:\github\gmext-fmod\source\fmod_gml\extensions\fmod\fmod_windows\fmod\x64\debug\fmod_studio_system.obj
d:\github\gmext-fmod\source\fmod_gml\extensions\fmod\fmod_windows\fmod\x64\debug\fmod_studio_eventinstance.obj
d:\github\gmext-fmod\source\fmod_gml\extensions\fmod\fmod_windows\fmod\x64\debug\fmod_studio_eventdescription.obj
d:\github\gmext-fmod\source\fmod_gml\extensions\fmod\fmod_windows\fmod\x64\debug\fmod_studio_commandreplay.obj
d:\github\gmext-fmod\source\fmod_gml\extensions\fmod\fmod_windows\fmod\x64\debug\fmod_studio_bus.obj
d:\github\gmext-fmod\source\fmod_gml\extensions\fmod\fmod_windows\fmod\x64\debug\fmod_studio_bank.obj
d:\github\gmext-fmod\source\fmod_gml\extensions\fmod\fmod_windows\fmod\x64\debug\fmod_soundgroup.obj
d:\github\gmext-fmod\source\fmod_gml\extensions\fmod\fmod_windows\fmod\x64\debug\fmod_sound.obj
d:\github\gmext-fmod\source\fmod_gml\extensions\fmod\fmod_windows\fmod\x64\debug\fmod_reverb3d.obj
d:\github\gmext-fmod\source\fmod_gml\extensions\fmod\fmod_windows\fmod\x64\debug\fmod_geometry.obj
d:\github\gmext-fmod\source\fmod_gml\extensions\fmod\fmod_windows\fmod\x64\debug\fmod_dspconnection.obj
d:\github\gmext-fmod\source\fmod_gml\extensions\fmod\fmod_windows\fmod\x64\debug\fmod_dsp.obj
d:\github\gmext-fmod\source\fmod_gml\extensions\fmod\fmod_windows\fmod\x64\debug\fmod_common.obj
d:\github\gmext-fmod\source\fmod_gml\extensions\fmod\fmod_windows\fmod\x64\debug\fmod_channelgroup.obj
d:\github\gmext-fmod\source\fmod_gml\extensions\fmod\fmod_windows\fmod\x64\debug\fmod_channelcontrol.obj
d:\github\gmext-fmod\source\fmod_gml\extensions\fmod\fmod_windows\fmod\x64\debug\fmod_channel.obj
d:\github\gmext-fmod\source\fmod_gml\extensions\fmod\fmod_windows\fmod\x64\debug\extbufferio.obj
d:\github\gmext-fmod\source\fmod_gml\extensions\fmod\fmod_windows\x64\debug\yyfmod_x64.dll
d:\github\gmext-fmod\source\fmod_gml\extensions\fmod\fmod_windows\x64\debug\yyfmod_x64.pdb
d:\github\gmext-fmod\source\fmod_gml\extensions\fmod\fmod_windows\x64\debug\yyfmod_x64.lib
d:\github\gmext-fmod\source\fmod_gml\extensions\fmod\fmod_windows\x64\debug\yyfmod_x64.exp
d:\github\gmext-fmod\source\fmod_gml\extensions\fmod\fmod_windows\fmod\x64\debug\yyfmod_x64.ilk
d:\github\gmext-fmod\source\fmod_gml\extensions\fmod\fmod_windows\fmod\x64\debug\yyfmod.tlog\cl.read.1.tlog
d:\github\gmext-fmod\source\fmod_gml\extensions\fmod\fmod_windows\fmod\x64\debug\yyfmod.tlog\cl.write.1.tlog
d:\github\gmext-fmod\source\fmod_gml\extensions\fmod\fmod_windows\fmod\x64\debug\yyfmod.tlog\cl.command.1.tlog
d:\github\gmext-fmod\source\fmod_gml\extensions\fmod\fmod_windows\fmod\x64\debug\yyfmod.tlog\link.read.2.tlog
d:\github\gmext-fmod\source\fmod_gml\extensions\fmod\fmod_windows\fmod\x64\debug\yyfmod.tlog\link.write.1.tlog
d:\github\gmext-fmod\source\fmod_gml\extensions\fmod\fmod_windows\fmod\x64\debug\yyfmod.tlog\link.secondary.1.tlog
d:\github\gmext-fmod\source\fmod_gml\extensions\fmod\fmod_windows\fmod\x64\debug\yyfmod.tlog\link.command.1.tlog
d:\github\gmext-fmod\source\fmod_gml\extensions\fmod\fmod_windows\fmod\x64\debug\yyfmod.tlog\cl.items.tlog
