  Cleaning D:\Github\GMEXT-FMOD\source\fmod_gml\extensions\FMOD\fmod_switch2\Ounce64\Release\YYFMOD_Switch2.
C:\Program Files\Microsoft Visual Studio\2022\Professional\MSBuild\Microsoft\VC\v170\Microsoft.CppBuild.targets(538,5): warning MSB8028: The intermediate directory (Ounce64\Release\) contains files shared from another project (YYFMOD.vcxproj, YYFMOD2.vcxproj).  This can lead to incorrect clean and rebuild behavior.
  ExtBufferIO.cpp
  Fmod_Channel.cpp
  Fmod_ChannelControl.cpp
  Fmod_ChannelGroup.cpp
  Fmod_Common.cpp
  Fmod_DSP.cpp
  Fmod_DSPConnection.cpp
  Fmod_Geometry.cpp
  Fmod_Reverb3D.cpp
  Fmod_Sound.cpp
  Fmod_SoundGroup.cpp
  Fmod_Studio_Bank.cpp
  Fmod_Studio_Bus.cpp
  Fmod_Studio_CommandReplay.cpp
  Fmod_Studio_EventDescription.cpp
  Fmod_Studio_EventInstance.cpp
  Fmod_Studio_System.cpp
  Fmod_Studio_VCA.cpp
  Fmod_System.cpp
  Fmod_Tools.cpp
D:\Github\GMEXT-FMOD\source\fmod_gml\extensions\FMOD\fmod_cpp\Fmod_Tools.cpp(346,35): warning : suggest braces around initialization of subobject [-Wmissing-braces]
D:\Github\GMEXT-FMOD\source\fmod_gml\extensions\FMOD\fmod_cpp\Fmod_System.cpp(31,16): warning : variable 'fmod_system' set but not used [-Wunused-but-set-variable]
  FMOD.vcxproj -> D:\Github\GMEXT-FMOD\source\fmod_gml\extensions\FMOD\fmod_switch2\Ounce64\Release\YYFMOD_Switch2.nro
  FMOD.vcxproj -> D:\Github\GMEXT-FMOD\source\fmod_gml\extensions\FMOD\fmod_switch2\Ounce64\Release\YYFMOD_Switch2.nrr
