d:\github\gmext-fmod\source\fmod_gml\extensions\fmod\fmod_switch2\fmod\ounce64\release\extbufferio.o
d:\github\gmext-fmod\source\fmod_gml\extensions\fmod\fmod_switch2\fmod\ounce64\release\fmod_channel.o
d:\github\gmext-fmod\source\fmod_gml\extensions\fmod\fmod_switch2\fmod\ounce64\release\fmod_channelcontrol.o
d:\github\gmext-fmod\source\fmod_gml\extensions\fmod\fmod_switch2\fmod\ounce64\release\fmod_channelgroup.o
d:\github\gmext-fmod\source\fmod_gml\extensions\fmod\fmod_switch2\fmod\ounce64\release\fmod_common.o
d:\github\gmext-fmod\source\fmod_gml\extensions\fmod\fmod_switch2\fmod\ounce64\release\fmod_dsp.o
d:\github\gmext-fmod\source\fmod_gml\extensions\fmod\fmod_switch2\fmod\ounce64\release\fmod_dspconnection.o
d:\github\gmext-fmod\source\fmod_gml\extensions\fmod\fmod_switch2\fmod\ounce64\release\fmod_geometry.o
d:\github\gmext-fmod\source\fmod_gml\extensions\fmod\fmod_switch2\fmod\ounce64\release\fmod_reverb3d.o
d:\github\gmext-fmod\source\fmod_gml\extensions\fmod\fmod_switch2\fmod\ounce64\release\fmod_sound.o
d:\github\gmext-fmod\source\fmod_gml\extensions\fmod\fmod_switch2\fmod\ounce64\release\fmod_soundgroup.o
d:\github\gmext-fmod\source\fmod_gml\extensions\fmod\fmod_switch2\fmod\ounce64\release\fmod_studio_bank.o
d:\github\gmext-fmod\source\fmod_gml\extensions\fmod\fmod_switch2\fmod\ounce64\release\fmod_studio_bus.o
d:\github\gmext-fmod\source\fmod_gml\extensions\fmod\fmod_switch2\fmod\ounce64\release\fmod_studio_commandreplay.o
d:\github\gmext-fmod\source\fmod_gml\extensions\fmod\fmod_switch2\fmod\ounce64\release\fmod_studio_eventdescription.o
d:\github\gmext-fmod\source\fmod_gml\extensions\fmod\fmod_switch2\fmod\ounce64\release\fmod_studio_eventinstance.o
d:\github\gmext-fmod\source\fmod_gml\extensions\fmod\fmod_switch2\fmod\ounce64\release\fmod_studio_system.o
d:\github\gmext-fmod\source\fmod_gml\extensions\fmod\fmod_switch2\fmod\ounce64\release\fmod_studio_vca.o
d:\github\gmext-fmod\source\fmod_gml\extensions\fmod\fmod_switch2\fmod\ounce64\release\fmod_system.o
d:\github\gmext-fmod\source\fmod_gml\extensions\fmod\fmod_switch2\fmod\ounce64\release\fmod_tools.o
d:\github\gmext-fmod\source\fmod_gml\extensions\fmod\fmod_switch2\ounce64\release\yyfmod.nro
d:/github/gmext-fmod/source/fmod_gml/extensions/fmod/fmod_switch2/ounce64/release/yyfmod.nro
d:/github/gmext-fmod/source/fmod_gml/extensions/fmod/fmod_switch2/ounce64/release/yyfmod.nrr
d:\github\gmext-fmod\source\fmod_gml\extensions\fmod\fmod_switch2\ounce64\release\yyfmod.nrs
