d:\github\gmext-fmod\source\fmod_gml\extensions\fmod\fmod_playstation\fmod\orbis\debug\extbufferio.o
d:\github\gmext-fmod\source\fmod_gml\extensions\fmod\fmod_playstation\fmod\orbis\debug\fmod_channel.o
d:\github\gmext-fmod\source\fmod_gml\extensions\fmod\fmod_playstation\fmod\orbis\debug\fmod_channelcontrol.o
d:\github\gmext-fmod\source\fmod_gml\extensions\fmod\fmod_playstation\fmod\orbis\debug\fmod_channelgroup.o
d:\github\gmext-fmod\source\fmod_gml\extensions\fmod\fmod_playstation\fmod\orbis\debug\fmod_common.o
d:\github\gmext-fmod\source\fmod_gml\extensions\fmod\fmod_playstation\fmod\orbis\debug\fmod_dsp.o
d:\github\gmext-fmod\source\fmod_gml\extensions\fmod\fmod_playstation\fmod\orbis\debug\fmod_dspconnection.o
d:\github\gmext-fmod\source\fmod_gml\extensions\fmod\fmod_playstation\fmod\orbis\debug\fmod_geometry.o
d:\github\gmext-fmod\source\fmod_gml\extensions\fmod\fmod_playstation\fmod\orbis\debug\fmod_reverb3d.o
d:\github\gmext-fmod\source\fmod_gml\extensions\fmod\fmod_playstation\fmod\orbis\debug\fmod_sound.o
d:\github\gmext-fmod\source\fmod_gml\extensions\fmod\fmod_playstation\fmod\orbis\debug\fmod_soundgroup.o
d:\github\gmext-fmod\source\fmod_gml\extensions\fmod\fmod_playstation\fmod\orbis\debug\fmod_studio_bank.o
d:\github\gmext-fmod\source\fmod_gml\extensions\fmod\fmod_playstation\fmod\orbis\debug\fmod_studio_bus.o
d:\github\gmext-fmod\source\fmod_gml\extensions\fmod\fmod_playstation\fmod\orbis\debug\fmod_studio_commandreplay.o
d:\github\gmext-fmod\source\fmod_gml\extensions\fmod\fmod_playstation\fmod\orbis\debug\fmod_studio_eventdescription.o
d:\github\gmext-fmod\source\fmod_gml\extensions\fmod\fmod_playstation\fmod\orbis\debug\fmod_studio_eventinstance.o
d:\github\gmext-fmod\source\fmod_gml\extensions\fmod\fmod_playstation\fmod\orbis\debug\fmod_studio_system.o
d:\github\gmext-fmod\source\fmod_gml\extensions\fmod\fmod_playstation\fmod\orbis\debug\fmod_studio_vca.o
d:\github\gmext-fmod\source\fmod_gml\extensions\fmod\fmod_playstation\fmod\orbis\debug\fmod_system.o
d:\github\gmext-fmod\source\fmod_gml\extensions\fmod\fmod_playstation\fmod\orbis\debug\fmod_tools.o
d:\github\gmext-fmod\source\fmod_gml\extensions\fmod\fmod_playstation\fmod\orbis\debug\yyfmod.tlog\orbis-clang-cl.write.1.tlog
d:\github\gmext-fmod\source\fmod_gml\extensions\fmod\fmod_playstation\fmod\orbis\debug\yyfmod.tlog\orbis-clang-cl.read.1.tlog
d:\github\gmext-fmod\source\fmod_gml\extensions\fmod\fmod_playstation\fmod\orbis\debug\yyfmod.tlog\orbis-clang-cl.command.1.tlog
