  Cleaning D:\Github\GMEXT-FMOD\source\fmod_gml\extensions\FMOD\fmod_switch\NX64\Debug\YYFMOD.
  ExtBufferIO.cpp
  Fmod_Channel.cpp
  Fmod_ChannelControl.cpp
  Fmod_ChannelGroup.cpp
  Fmod_Common.cpp
  Fmod_DSP.cpp
  Fmod_DSPConnection.cpp
  Fmod_Geometry.cpp
  Fmod_Reverb3D.cpp
  Fmod_Sound.cpp
  Fmod_SoundGroup.cpp
  Fmod_Studio_Bank.cpp
  Fmod_Studio_Bus.cpp
  Fmod_Studio_CommandReplay.cpp
  Fmod_Studio_EventDescription.cpp
  Fmod_Studio_EventInstance.cpp
  Fmod_Studio_System.cpp
  Fmod_Studio_VCA.cpp
  Fmod_System.cpp
  Fmod_Tools.cpp
D:\Github\GMEXT-FMOD\source\fmod_gml\extensions\FMOD\fmod_cpp\Fmod_Tools.cpp(346,35): warning : suggest braces around initialization of subobject [-Wmissing-braces]
D:\Github\GMEXT-FMOD\source\fmod_gml\extensions\FMOD\fmod_cpp\Fmod_System.cpp(31,16): warning : variable 'fmod_system' set but not used [-Wunused-but-set-variable]
  FMOD.vcxproj -> D:\Github\GMEXT-FMOD\source\fmod_gml\extensions\FMOD\fmod_switch\NX64\Debug\YYFMOD.nro
  FMOD.vcxproj -> D:\Github\GMEXT-FMOD\source\fmod_gml\extensions\FMOD\fmod_switch\NX64\Debug\YYFMOD.nrr
